// Jest Snapshot v1, https://goo.gl/fbAQLP

exports[`containers/DropZone default rendering renders correctly 1`] = `
<DropZone
  dropFiles={[Function]}
  error={false}
  errorMessage=""
  store={
    Object {
      "clearActions": [Function],
      "dispatch": [Function],
      "getActions": [Function],
      "getState": [Function],
      "replaceReducer": [Function],
      "subscribe": [Function],
    }
  }
  storeDocuments={[Function]}
  storeSubscription={
    Subscription {
      "listeners": Object {
        "notify": [Function],
      },
      "onStateChange": [Function],
      "parentSub": undefined,
      "store": Object {
        "clearActions": [Function],
        "dispatch": [Function],
        "getActions": [Function],
        "getState": [Function],
        "replaceReducer": [Function],
        "subscribe": [Function],
      },
      "unsubscribe": null,
    }
  }
  uploading={false}
/>
`;

exports[`containers/DropZone event handlers should render all components 1`] = `
<div
  data-radium={true}
>
  <div
    open={false}
    style={
      Object {
        "bottom": 0,
        "display": "flex",
        "left": "50%",
        "muiPrepared": true,
        "position": "fixed",
        "transform": "translate(-50%, 48px)",
        "transition": "transform 400ms cubic-bezier(0.23, 1, 0.32, 1) 0ms, visibility 400ms cubic-bezier(0.23, 1, 0.32, 1) 0ms",
        "visibility": "hidden",
        "zIndex": 2900,
      }
    }
    title="Error"
  >
    <div
      style={
        Object {
          "backgroundColor": "#D32F2F",
          "borderRadius": 2,
          "flexGrow": 0,
          "fontFamily": "Roboto, sans-serif",
          "height": 48,
          "lineHeight": "48px",
          "maxWidth": 568,
          "minWidth": 288,
          "muiPrepared": true,
          "padding": "0 24px",
          "width": "auto",
        }
      }
      width={3}
    >
      <div
        style={
          Object {
            "color": "#ffffff",
            "fontSize": 14,
            "muiPrepared": true,
            "opacity": 0,
            "transition": "opacity 400ms cubic-bezier(0.23, 1, 0.32, 1) 0ms",
          }
        }
      >
        <span>
          
        </span>
      </div>
    </div>
  </div>
  <div
    data-radium={true}
  >
    <div
      data-radium={true}
      id="fileDrop"
      onClick={[Function]}
      onDragEnd={[Function]}
      onDragLeave={[Function]}
      onDragOver={[Function]}
      onDrop={[Function]}
      style={
        Object {
          "border": "1px dashed #ccc",
          "minHeight": "100px",
          "padding": "10px",
        }
      }
    >
      Drop files here or click to 
      <span
        id="browse"
      >
        browse
      </span>
      .
      <input
        data-radium={true}
        id="fileBox"
        multiple={true}
        name="files[]"
        onChange={[Function]}
        style={
          Object {
            "display": "none",
          }
        }
        type="file"
      />
    </div>
    <ul
      data-radium={true}
    />
  </div>
  <div
    data-radium={true}
    style={
      Object {
        "display": "flex",
        "flexWrap": "wrap",
      }
    }
  >
    <div
      className={undefined}
      style={
        Object {
          "backgroundColor": "transparent",
          "cursor": "auto",
          "display": "inline-block",
          "fontFamily": "Roboto, sans-serif",
          "fontSize": 16,
          "height": "42px",
          "lineHeight": "24px",
          "muiPrepared": true,
          "position": "relative",
          "transition": "height 200ms cubic-bezier(0.23, 1, 0.32, 1) 0ms",
          "width": 256,
        }
      }
    >
      <div
        style={
          Object {
            "bottom": 12,
            "color": "rgba(0, 0, 0, 0.3)",
            "muiPrepared": true,
            "opacity": 1,
            "position": "absolute",
            "transition": "all 450ms cubic-bezier(0.23, 1, 0.32, 1) 0ms",
          }
        }
      >
        Enter tag, press Enter
      </div>
      <input
        disabled={false}
        id="search"
        onBlur={[Function]}
        onChange={[Function]}
        onFocus={[Function]}
        onKeyPress={[Function]}
        style={
          Object {
            "WebkitOpacity": 1,
            "WebkitTapHighlightColor": "rgba(0,0,0,0)",
            "appearance": "textfield",
            "backgroundColor": "rgba(0,0,0,0)",
            "border": "none",
            "color": "rgba(0, 0, 0, 0.87)",
            "cursor": "inherit",
            "font": "inherit",
            "height": "100%",
            "muiPrepared": true,
            "outline": "none",
            "padding": 0,
            "position": "relative",
            "width": "100%",
          }
        }
        type="text"
        value=""
      />
      <div>
        <hr
          aria-hidden="true"
          style={
            Object {
              "borderBottomStyle": "solid",
              "borderBottomWidth": 1,
              "borderColor": "#e0e0e0",
              "borderLeft": "none",
              "borderRight": "none",
              "borderTop": "none",
              "bottom": 8,
              "boxSizing": "content-box",
              "margin": 0,
              "muiPrepared": true,
              "position": "absolute",
              "width": "100%",
            }
          }
        />
        <hr
          aria-hidden="true"
          style={
            Object {
              "borderBottomStyle": "solid",
              "borderBottomWidth": 2,
              "borderColor": "#00bcd4",
              "borderLeft": "none",
              "borderRight": "none",
              "borderTop": "none",
              "bottom": 8,
              "boxSizing": "content-box",
              "margin": 0,
              "muiPrepared": true,
              "position": "absolute",
              "transform": "scaleX(0)",
              "transition": "all 450ms cubic-bezier(0.23, 1, 0.32, 1) 0ms",
              "width": "100%",
            }
          }
        />
      </div>
    </div>
  </div>
  <div
    className={undefined}
    style={
      Object {
        "WebkitTapHighlightColor": "rgba(0,0,0,0)",
        "backgroundColor": "#ffffff",
        "borderRadius": 2,
        "boxShadow": "0 1px 6px rgba(0, 0, 0, 0.12),
               0 1px 4px rgba(0, 0, 0, 0.12)",
        "boxSizing": "border-box",
        "color": "rgba(0, 0, 0, 0.87)",
        "display": "inline-block",
        "fontFamily": "Roboto, sans-serif",
        "marginTop": 12,
        "minWidth": 88,
        "muiPrepared": true,
        "transition": "all 450ms cubic-bezier(0.23, 1, 0.32, 1) 0ms",
      }
    }
  >
    <button
      disabled={false}
      href={undefined}
      onBlur={[Function]}
      onClick={[Function]}
      onFocus={[Function]}
      onKeyDown={[Function]}
      onKeyUp={[Function]}
      onMouseDown={[Function]}
      onMouseEnter={[Function]}
      onMouseLeave={[Function]}
      onMouseUp={[Function]}
      onTouchEnd={[Function]}
      onTouchStart={[Function]}
      onTouchTap={[Function]}
      style={
        Object {
          "WebkitTapHighlightColor": "rgba(0, 0, 0, 0)",
          "backgroundColor": "#00bcd4",
          "border": 10,
          "borderRadius": 2,
          "boxSizing": "border-box",
          "cursor": "pointer",
          "display": "inline-block",
          "fontFamily": "Roboto, sans-serif",
          "fontSize": "inherit",
          "fontWeight": "inherit",
          "height": 36,
          "lineHeight": "36px",
          "margin": 0,
          "muiPrepared": true,
          "outline": "none",
          "padding": 0,
          "position": "relative",
          "textAlign": "center",
          "textDecoration": "none",
          "transition": "all 450ms cubic-bezier(0.23, 1, 0.32, 1) 0ms",
          "verticalAlign": null,
          "width": "100%",
          "zIndex": 1,
        }
      }
      tabIndex={0}
      type="button"
    >
      <div
        onMouseDown={[Function]}
        onMouseLeave={[Function]}
        onMouseUp={[Function]}
        onTouchEnd={[Function]}
        onTouchStart={[Function]}
      >
        <div
          style={
            Object {
              "backgroundColor": false,
              "borderRadius": 2,
              "height": 36,
              "muiPrepared": true,
              "top": 0,
              "transition": "all 450ms cubic-bezier(0.23, 1, 0.32, 1) 0ms",
            }
          }
        >
          <span
            style={
              Object {
                "color": "#ffffff",
                "fontSize": 14,
                "fontWeight": 500,
                "letterSpacing": 0,
                "margin": 0,
                "muiPrepared": true,
                "opacity": 1,
                "paddingLeft": 16,
                "paddingRight": 16,
                "position": "relative",
                "textTransform": "uppercase",
                "userSelect": "none",
              }
            }
          >
            Upload
          </span>
        </div>
      </div>
    </button>
  </div>
</div>
`;
