// Jest Snapshot v1, https://goo.gl/fbAQLP

exports[`components/IndexPageHead renders correctly 1`] = `
<div>
  <div
    data-radium={true}
    style={
      Object {
        "position": "absolute",
        "textAlign": "center",
        "top": "14%",
        "width": "100%",
      }
    }
  >
    <h1
      data-radium={true}
      style={
        Object {
          "fontFamily": "HelveticaNeueW01-45Ligh,HelveticaNeueW02-45Ligh,HelveticaNeueW10-45Ligh,sans-serif",
          "fontSize": "53px",
          "fontWeight": 100,
          "letterSpacing": "-1px",
          "margin": 0,
        }
      }
    >
      Organize your paperwork with ease
    </h1>
    <p
      style={undefined}
    >
      Briskly Papers helps you to archive and find your documents as simple as never before
    </p>
  </div>
</div>
`;
